// Jest Snapshot v1, https://goo.gl/fbAQLP

exports[`SignIn Component Snapshot 1`] = `
<DocumentFragment>
  <main
    class="MuiContainer-root MuiContainer-maxWidthXs"
  >
    <form>
      <div
        class="MuiBox-root MuiBox-root-9"
      >
        <div
          class="MuiBox-root MuiBox-root-10"
        >
          <div
            class="MuiBox-root MuiBox-root-11"
          >
            <div
              class="MuiBox-root MuiBox-root-12"
            >
              <svg
                aria-hidden="true"
                class="MuiSvgIcon-root"
                focusable="false"
                role="presentation"
                viewBox="0 0 24 24"
              >
                <g
                  fill="none"
                >
                  <path
                    d="M0 0h24v24H0V0z"
                  />
                  <path
                    d="M0 0h24v24H0V0z"
                    opacity=".87"
                  />
                </g>
                <path
                  d="M18 8h-1V6c0-2.76-2.24-5-5-5S7 3.24 7 6v2H6c-1.1 0-2 .9-2 2v10c0 1.1.9 2 2 2h12c1.1 0 2-.9 2-2V10c0-1.1-.9-2-2-2zM9 6c0-1.66 1.34-3 3-3s3 1.34 3 3v2H9V6zm9 14H6V10h12v10zm-6-3c1.1 0 2-.9 2-2s-.9-2-2-2-2 .9-2 2 .9 2 2 2z"
                />
              </svg>
            </div>
          </div>
          <div
            class="MuiBox-root MuiBox-root-22"
          >
            Sign In
          </div>
        </div>
        <div
          class="MuiBox-root MuiBox-root-23"
        />
        <div
          class="MuiBox-root MuiBox-root-24"
        >
          <div
            class="MuiFormControl-root MuiTextField-root MuiFormControl-fullWidth"
          >
            <label
              class="MuiFormLabel-root MuiInputLabel-root MuiInputLabel-formControl MuiInputLabel-animated MuiInputLabel-outlined Mui-required Mui-required"
              data-shrink="false"
            >
              Email Address
              <span
                class="MuiFormLabel-asterisk MuiInputLabel-asterisk"
              >
                 *
              </span>
            </label>
            <div
              class="MuiInputBase-root MuiOutlinedInput-root MuiInputBase-fullWidth MuiInputBase-formControl"
            >
              <input
                aria-invalid="false"
                autocomplete="email"
                class="MuiInputBase-input MuiOutlinedInput-input"
                data-testid="email"
                required=""
                type="email"
                value=""
              />
              <fieldset
                aria-hidden="true"
                class="PrivateNotchedOutline-root-87 MuiOutlinedInput-notchedOutline"
                style="padding-left: 8px;"
              >
                <legend
                  class="PrivateNotchedOutline-legend-88"
                  style="width: 0.01px;"
                >
                  <span>
                    ​
                  </span>
                </legend>
              </fieldset>
            </div>
          </div>
        </div>
        <div
          class="MuiBox-root MuiBox-root-89"
        >
          <div
            class="MuiFormControl-root MuiTextField-root MuiFormControl-fullWidth"
          >
            <label
              class="MuiFormLabel-root MuiInputLabel-root MuiInputLabel-formControl MuiInputLabel-animated MuiInputLabel-outlined Mui-required Mui-required"
              data-shrink="false"
            >
              Password
              <span
                class="MuiFormLabel-asterisk MuiInputLabel-asterisk"
              >
                 *
              </span>
            </label>
            <div
              class="MuiInputBase-root MuiOutlinedInput-root MuiInputBase-fullWidth MuiInputBase-formControl"
            >
              <input
                aria-invalid="false"
                autocomplete="current-password"
                class="MuiInputBase-input MuiOutlinedInput-input"
                data-testid="password"
                required=""
                type="password"
                value=""
              />
              <fieldset
                aria-hidden="true"
                class="PrivateNotchedOutline-root-87 MuiOutlinedInput-notchedOutline"
                style="padding-left: 8px;"
              >
                <legend
                  class="PrivateNotchedOutline-legend-88"
                  style="width: 0.01px;"
                >
                  <span>
                    ​
                  </span>
                </legend>
              </fieldset>
            </div>
          </div>
        </div>
        <div
          class="MuiBox-root MuiBox-root-90 relative"
        >
          <button
            class="MuiButtonBase-root MuiButton-root MuiButton-contained MuiButton-containedPrimary MuiButton-fullWidth"
            data-testid="submitButton"
            tabindex="0"
            type="submit"
          >
            <span
              class="MuiButton-label"
            >
              Sign In
            </span>
            <span
              class="MuiTouchRipple-root"
            />
          </button>
        </div>
        <div
          class="MuiBox-root MuiBox-root-124"
        >
          <a
            class="MuiTypography-root MuiLink-root MuiLink-underlineHover MuiTypography-body2 MuiTypography-colorPrimary"
            data-testid="forgotPasswordLink"
            href="#"
          >
            Forgot password?
          </a>
        </div>
      </div>
    </form>
  </main>
</DocumentFragment>
`;

exports[`SignIn Component that loading is true Snapshot 1`] = `<DocumentFragment />`;
